
2025-12-02 12:19:47 | INFO  | com.tcs.boot.FirstRestApplication | Starting FirstRestApplication using Java 17.0.13 with PID 918990 (/home/labuser/Documents/workspace-spring-tools-for-eclipse-4.32.1.RELEASE/first-rest-aop/target/classes started by labuser in /home/labuser/Documents/workspace-spring-tools-for-eclipse-4.32.1.RELEASE/first-rest-aop)
2025-12-02 12:19:47 | INFO  | com.tcs.boot.FirstRestApplication | No active profile set, falling back to 1 default profile: "default"
2025-12-02 12:19:47 | INFO  | org.springframework.boot.devtools.env.DevToolsPropertyDefaultsPostProcessor | Devtools property defaults active! Set 'spring.devtools.add-properties' to 'false' to disable
2025-12-02 12:19:47 | INFO  | org.springframework.boot.devtools.env.DevToolsPropertyDefaultsPostProcessor | For additional web related logging consider setting the 'logging.level.web' property to 'DEBUG'
2025-12-02 12:19:49 | INFO  | org.springframework.data.repository.config.RepositoryConfigurationDelegate | Bootstrapping Spring Data JPA repositories in DEFAULT mode.
2025-12-02 12:19:49 | INFO  | org.springframework.data.repository.config.RepositoryConfigurationDelegate | Finished Spring Data repository scanning in 94 ms. Found 1 JPA repository interface.
2025-12-02 12:19:50 | INFO  | org.springframework.boot.tomcat.TomcatWebServer | Tomcat initialized with port 8090 (http)
2025-12-02 12:19:50 | INFO  | org.apache.catalina.core.StandardService | Starting service [Tomcat]
2025-12-02 12:19:50 | INFO  | org.apache.catalina.core.StandardEngine | Starting Servlet engine: [Apache Tomcat/11.0.14]
2025-12-02 12:19:50 | INFO  | org.springframework.boot.web.context.servlet.WebApplicationContextInitializer | Root WebApplicationContext: initialization completed in 2639 ms
2025-12-02 12:19:50 | INFO  | com.zaxxer.hikari.HikariDataSource | HikariPool-1 - Starting...
2025-12-02 12:19:51 | INFO  | com.zaxxer.hikari.pool.HikariPool | HikariPool-1 - Added connection conn0: url=jdbc:h2:mem:1859ef1b-1bb1-4103-8e9a-6056278ecc44 user=SA
2025-12-02 12:19:51 | INFO  | com.zaxxer.hikari.HikariDataSource | HikariPool-1 - Start completed.
2025-12-02 12:19:51 | INFO  | org.hibernate.jpa.internal.util.LogHelper | HHH000204: Processing PersistenceUnitInfo [name: default]
2025-12-02 12:19:51 | INFO  | org.hibernate.Version | HHH000412: Hibernate ORM core version 7.1.8.Final
2025-12-02 12:19:51 | INFO  | org.springframework.orm.jpa.persistenceunit.SpringPersistenceUnitInfo | No LoadTimeWeaver setup: ignoring JPA class transformer
2025-12-02 12:19:52 | INFO  | org.hibernate.orm.connections.pooling | HHH10001005: Database info:
	Database JDBC URL [jdbc:h2:mem:1859ef1b-1bb1-4103-8e9a-6056278ecc44]
	Database driver: H2 JDBC Driver
	Database dialect: H2Dialect
	Database version: 2.4.240
	Default catalog/schema: 1859EF1B-1BB1-4103-8E9A-6056278ECC44/PUBLIC
	Autocommit mode: undefined/unknown
	Isolation level: READ_COMMITTED [default READ_COMMITTED]
	JDBC fetch size: 100
	Pool: DatasourceConnectionProviderImpl
	Minimum pool size: undefined/unknown
	Maximum pool size: undefined/unknown
2025-12-02 12:19:53 | INFO  | org.hibernate.engine.transaction.jta.platform.internal.JtaPlatformInitiator | HHH000489: No JTA platform available (set 'hibernate.transaction.jta.platform' to enable JTA platform integration)
2025-12-02 12:19:53 | INFO  | org.springframework.orm.jpa.LocalContainerEntityManagerFactoryBean | Initialized JPA EntityManagerFactory for persistence unit 'default'
2025-12-02 12:19:54 | INFO  | org.springframework.data.jpa.repository.query.QueryEnhancerFactories | Hibernate is in classpath; If applicable, HQL parser will be used.
2025-12-02 12:19:54 | WARN  | org.springframework.boot.jpa.autoconfigure.JpaBaseConfiguration$JpaWebConfiguration | spring.jpa.open-in-view is enabled by default. Therefore, database queries may be performed during view rendering. Explicitly configure spring.jpa.open-in-view to disable this warning
2025-12-02 12:19:55 | INFO  | org.springframework.boot.tomcat.TomcatWebServer | Tomcat started on port 8090 (http) with context path '/'
2025-12-02 12:19:55 | INFO  | com.tcs.boot.FirstRestApplication | Started FirstRestApplication in 8.896 seconds (process running for 10.115)
2025-12-02 12:20:13 | INFO  | org.springframework.boot.devtools.autoconfigure.LocalDevToolsAutoConfiguration$RestartingClassPathChangeChangedEventListener | Restarting due to 1 class path change (0 additions, 0 deletions, 1 modification)
2025-12-02 12:20:13 | INFO  | org.springframework.boot.tomcat.GracefulShutdown | Commencing graceful shutdown. Waiting for active requests to complete
2025-12-02 12:20:13 | INFO  | org.springframework.boot.tomcat.GracefulShutdown | Graceful shutdown complete
2025-12-02 12:20:13 | INFO  | org.springframework.orm.jpa.LocalContainerEntityManagerFactoryBean | Closing JPA EntityManagerFactory for persistence unit 'default'
2025-12-02 12:20:13 | WARN  | org.springframework.beans.factory.support.DisposableBeanAdapter | Invocation of destroy method failed on bean with name 'inMemoryDatabaseShutdownExecutor': org.h2.jdbc.JdbcSQLNonTransientConnectionException: Database is already closed (to disable automatic closing at VM shutdown, add ";DB_CLOSE_ON_EXIT=FALSE" to the db URL) [90121-240]
2025-12-02 12:20:13 | INFO  | com.zaxxer.hikari.HikariDataSource | HikariPool-1 - Shutdown initiated...
2025-12-02 12:20:13 | INFO  | com.zaxxer.hikari.HikariDataSource | HikariPool-1 - Shutdown completed.